// Vitest Snapshot v1, https://vitest.dev/guide/snapshot.html

exports[`live analysis extraction > preserves the existing server numerical result for fixed candles and time 1`] = `
{
  "asset": "BTC",
  "enhanced": {
    "adaptiveWeights": {
      "bb": 1,
      "ema": 1,
      "macd": 1,
      "mtf": 1,
      "rsi": 1,
      "sampleSize": 0,
      "stoch": 1,
      "structure": 1,
      "updatedAt": 1791537010000,
      "volume": 1,
    },
    "componentScores": {
      "bb": -5,
      "ema": 15,
      "macd": -10,
      "mtf": 0,
      "rsi": -30,
      "stoch": -10,
      "structure": 0,
      "volume": 0,
    },
    "confidence": 47,
    "correlations": {
      "btcEthNote": "(reference only — no live data) BTC/ETH historical correlation ~0.87; ETH typically follows BTC with a 1-4 hour lag. Current BTC uptrend → ETH likely to follow.",
      "btcNasdaqNote": "(reference only — no live data) BTC uptrend signals risk appetite — Nasdaq likely supportive (BTC/Nasdaq corr ~+0.65)",
      "btcXauCorrelation": 1,
      "crossAssetScore": 5,
      "summary": "BTC/PAXG return correlation (200-candle): +1 (STRONG positive) | BTC 10-candle trend: UP (0.77%)",
      "xauDxyNote": "(reference only — no live data) Risk-on environment suggests possible DXY softness → tailwind for XAU (inverse correlation ~−0.75)",
      "xauUs10yNote": "(reference only — no live data) US10Y requires external feed — rising real yields typically weigh on XAU; falling yields are bullish for gold",
    },
    "entryPrice": 143.47489922334404,
    "gateFailReasons": [],
    "marketRegime": {
      "compatibilityNote": "Ranging regime — momentum signals downgraded; mean-reversion setups preferred",
      "description": "Price ranging — RANGE, EMA slope 3.07%, BB width 3.78%",
      "direction": "NEUTRAL",
      "multiplier": 0.75,
      "regime": "RANGING",
      "strength": 27,
    },
    "marketStructure": {
      "bos": false,
      "choch": false,
      "recentHH": false,
      "recentHL": false,
      "recentLH": false,
      "recentLL": false,
      "score": 0,
      "strength": 40,
      "swingHigh": 143.97489922334404,
      "swingLow": 138.76418648132946,
      "type": "RANGE",
    },
    "mlProbability": {
      "confidence": 0,
      "patternWinRate": NaN,
      "regimeWinRate": NaN,
      "sampleSize": 0,
      "topFactors": [],
      "winRate": 0.5,
    },
    "mtfAnalysis": {
      "alignment": 0,
      "bearishCount": 0,
      "bullishCount": 0,
      "confidence": 70,
      "dominantBias": "MIXED",
      "neutralCount": 5,
      "score": 0,
      "signals": [
        {
          "emaAlignment": "BULL",
          "interval": "1m",
          "macdBull": false,
          "priceVsEma9": "ABOVE",
          "rsi": 99.99999994632245,
          "score": -8,
          "signal": "HOLD",
          "timeframe": "1 Minute",
          "trend": "SIDEWAYS",
        },
        {
          "emaAlignment": "BULL",
          "interval": "5m",
          "macdBull": false,
          "priceVsEma9": "ABOVE",
          "rsi": 99.99999994632245,
          "score": -8,
          "signal": "HOLD",
          "timeframe": "5 Minute",
          "trend": "SIDEWAYS",
        },
        {
          "emaAlignment": "BULL",
          "interval": "15m",
          "macdBull": false,
          "priceVsEma9": "ABOVE",
          "rsi": 99.99999994632245,
          "score": -8,
          "signal": "HOLD",
          "timeframe": "15 Minute",
          "trend": "SIDEWAYS",
        },
        {
          "emaAlignment": "BULL",
          "interval": "1h",
          "macdBull": false,
          "priceVsEma9": "ABOVE",
          "rsi": 99.99999994632245,
          "score": -8,
          "signal": "HOLD",
          "timeframe": "1 Hour",
          "trend": "SIDEWAYS",
        },
        {
          "emaAlignment": "BULL",
          "interval": "4h",
          "macdBull": false,
          "priceVsEma9": "ABOVE",
          "rsi": 99.99999994632245,
          "score": -8,
          "signal": "HOLD",
          "timeframe": "4 Hour",
          "trend": "SIDEWAYS",
        },
      ],
    },
    "newsRisk": {
      "confidenceAdj": 0,
      "isAcceptable": true,
      "isEstimate": true,
      "riskLevel": "LOW",
      "score": 10,
      "tradingRecommendation": "CLEAR — Normal trading conditions. Full signal weight applies.",
      "upcomingEvents": [
        "No known high-impact events in this window",
      ],
    },
    "patternResult": {
      "confidence": 0,
      "description": "No recognizable pattern detected",
      "direction": "NEUTRAL",
      "invalidationPrice": 143.47489922334404,
      "pattern": "NONE",
      "targetPrice": 143.47489922334404,
    },
    "reasons": [
      "RSI deeply overbought (>75)",
      "Bullish EMA stack (9>21>50)",
      "Stochastic overbought",
      "MTF divergence — mixed timeframe signals",
      "Regime: Regime RANGING — momentum signal downgraded x0.75",
    ],
    "riskMetrics": {
      "expectedValue": 1.348147175655343,
      "qualityScore": 64,
      "riskReward": 5.3,
      "stopLoss": 144.27489922334405,
      "stopLoss2": 144.75489922334404,
      "takeProfit": 139.2352577555309,
      "takeProfit2": 135.8435445812804,
      "tradeQuality": "GOOD",
    },
    "score": -26.25,
    "sessionAnalysis": {
      "biasNote": "London session 08:00-13:00 UTC — primary trend often established; high institutional flow",
      "confidenceAdj": 8,
      "currentSession": "LONDON",
      "impact": "HIGH",
      "isHighVolatility": true,
      "sessionHigh": 143.97489922334404,
      "sessionLow": 119.76632300974454,
      "sessionRange": 20.213174793409845,
    },
    "signal": "SELL",
    "smartMoney": {
      "activeFVG": null,
      "activeOrderBlock": null,
      "fvgs": [],
      "institutionalBias": "NEUTRAL",
      "liquidityAbove": [
        143.8006,
        143.8762,
      ],
      "liquidityBelow": [
        142.8762,
        142.8006,
        135.1996,
      ],
      "mitigationBlocks": [],
      "orderBlocks": [],
      "score": 0,
    },
    "stopLoss": 144.27489922334405,
    "strongSignalGatePassed": false,
    "takeProfit": 139.2352577555309,
    "volatility": {
      "atrPct": 0.6969860271121872,
      "bbWidth": 3.7809904425642,
      "confidenceAdj": 0,
      "rangeExpansion": false,
      "regime": "HIGH",
      "stopMultiplier": 2,
      "tpMultiplier": 3.5,
    },
    "volumeAnalysis": {
      "average": 104.75,
      "confirmation": "NEUTRAL",
      "current": 107,
      "ratio": 1.0214797136038185,
      "score": 0,
      "spike": false,
      "trend": "NEUTRAL",
    },
    "volumeProfile": {
      "hvn": [
        103.20624160194534,
        104.68873824272347,
        112.10122144661415,
        119.51370465050482,
        126.9261878543955,
        128.40868449517362,
        135.8211676990643,
      ],
      "levels": [
        {
          "isHVN": false,
          "isLVN": false,
          "price": 100.24124832038906,
          "volume": 355.5,
        },
        {
          "isHVN": false,
          "isLVN": false,
          "price": 101.7237449611672,
          "volume": 474.5,
        },
        {
          "isHVN": true,
          "isLVN": false,
          "price": 103.20624160194534,
          "volume": 1525.5,
        },
        {
          "isHVN": true,
          "isLVN": false,
          "price": 104.68873824272347,
          "volume": 1414.5,
        },
        {
          "isHVN": false,
          "isLVN": false,
          "price": 106.17123488350161,
          "volume": 578,
        },
        {
          "isHVN": false,
          "isLVN": false,
          "price": 107.65373152427973,
          "volume": 423.5,
        },
        {
          "isHVN": false,
          "isLVN": false,
          "price": 109.13622816505787,
          "volume": 517.5,
        },
        {
          "isHVN": false,
          "isLVN": false,
          "price": 110.61872480583601,
          "volume": 953.5,
        },
        {
          "isHVN": true,
          "isLVN": false,
          "price": 112.10122144661415,
          "volume": 1936,
        },
        {
          "isHVN": false,
          "isLVN": false,
          "price": 113.58371808739228,
          "volume": 629.5,
        },
        {
          "isHVN": false,
          "isLVN": false,
          "price": 115.06621472817041,
          "volume": 477.5,
        },
        {
          "isHVN": false,
          "isLVN": false,
          "price": 116.54871136894855,
          "volume": 413.5,
        },
        {
          "isHVN": false,
          "isLVN": false,
          "price": 118.03120800972668,
          "volume": 633,
        },
        {
          "isHVN": true,
          "isLVN": false,
          "price": 119.51370465050482,
          "volume": 1736,
        },
        {
          "isHVN": false,
          "isLVN": false,
          "price": 120.99620129128294,
          "volume": 1200.5,
        },
        {
          "isHVN": false,
          "isLVN": false,
          "price": 122.47869793206108,
          "volume": 428,
        },
        {
          "isHVN": false,
          "isLVN": false,
          "price": 123.96119457283922,
          "volume": 519,
        },
        {
          "isHVN": false,
          "isLVN": false,
          "price": 125.44369121361736,
          "volume": 474.5,
        },
        {
          "isHVN": true,
          "isLVN": false,
          "price": 126.9261878543955,
          "volume": 1471,
        },
        {
          "isHVN": true,
          "isLVN": false,
          "price": 128.40868449517362,
          "volume": 1469,
        },
        {
          "isHVN": false,
          "isLVN": false,
          "price": 129.89118113595177,
          "volume": 578,
        },
        {
          "isHVN": false,
          "isLVN": false,
          "price": 131.3736777767299,
          "volume": 423.5,
        },
        {
          "isHVN": false,
          "isLVN": false,
          "price": 132.85617441750804,
          "volume": 517.5,
        },
        {
          "isHVN": false,
          "isLVN": false,
          "price": 134.33867105828617,
          "volume": 845,
        },
        {
          "isHVN": true,
          "isLVN": false,
          "price": 135.8211676990643,
          "volume": 1993,
        },
        {
          "isHVN": false,
          "isLVN": false,
          "price": 137.30366433984244,
          "volume": 627,
        },
        {
          "isHVN": false,
          "isLVN": false,
          "price": 138.78616098062056,
          "volume": 531.5,
        },
        {
          "isHVN": false,
          "isLVN": false,
          "price": 140.2686576213987,
          "volume": 413.5,
        },
        {
          "isHVN": false,
          "isLVN": false,
          "price": 141.75115426217684,
          "volume": 633,
        },
        {
          "isHVN": false,
          "isLVN": false,
          "price": 143.23365090295496,
          "volume": 891,
        },
      ],
      "lvn": [],
      "poc": 135.8211676990643,
      "totalVolume": 25083,
      "vah": 143.97489922334404,
      "val": 111.35997312622507,
      "valueAreaPct": 75.11262608140972,
    },
  },
  "indicators": {
    "atr": 1,
    "bb": {
      "lower": 139.23063822545282,
      "middle": 141.91350628003067,
      "upper": 144.59637433460853,
      "width": 3.7809904425642,
    },
    "ema200": 126.67193570811342,
    "ema21": 141.70314993073578,
    "ema50": 138.74686170422422,
    "ema9": 143.0014890616448,
    "macd": {
      "histogram": -0.06084329884713946,
      "prevHistogram": -0.03185473570281361,
      "signal": 1.6005035568286916,
      "value": 1.5396602579815521,
    },
    "relativeVolume": 1.0224558050645007,
    "rsi": 99.99999994632245,
    "stoch": {
      "d": 85.45025807143577,
      "k": 84.26388387319311,
    },
    "volume": 107,
    "volumeMA": 104.65,
  },
  "livePrice": 143,
  "price": 143.47489922334404,
  "signal": {
    "confidence": 40,
    "entryPrice": 143.47489922334404,
    "reasons": [
      "RSI deeply overbought",
      "Bullish EMA alignment (9>21>50)",
      "Stochastic overbought",
    ],
    "score": -40,
    "signal": "SELL",
    "stopLoss": 144.97489922334404,
    "takeProfit": 140.47489922334404,
  },
  "signalCandleTime": 1791537000000,
  "stale": false,
  "ticker": {
    "change": 43,
    "changePercent": 43,
    "high": 144,
    "low": 99,
    "open": 100,
    "price": 143,
    "symbol": "BTCUSDT",
    "timestamp": 1791537010000,
    "volume": 1000,
  },
}
`;
